Archive member included to satisfy reference by file (symbol)

/home/cameron/st/stm32cubeide_1.4.0/plugins/com.st.stm32cube.ide.mcu.externaltools.gnu-tools-for-stm32.7-2018-q2-update.linux64_1.4.0.202007081208/tools/bin/../lib/gcc/arm-none-eabi/7.3.1/../../../../arm-none-eabi/lib/thumb/v7e-m/fpv5/hard/libc_nano.a(lib_a-exit.o)
                              /home/cameron/st/stm32cubeide_1.4.0/plugins/com.st.stm32cube.ide.mcu.externaltools.gnu-tools-for-stm32.7-2018-q2-update.linux64_1.4.0.202007081208/tools/bin/../lib/gcc/arm-none-eabi/7.3.1/../../../../arm-none-eabi/lib/thumb/v7e-m/fpv5/hard/crt0.o (exit)
/home/cameron/st/stm32cubeide_1.4.0/plugins/com.st.stm32cube.ide.mcu.externaltools.gnu-tools-for-stm32.7-2018-q2-update.linux64_1.4.0.202007081208/tools/bin/../lib/gcc/arm-none-eabi/7.3.1/../../../../arm-none-eabi/lib/thumb/v7e-m/fpv5/hard/libc_nano.a(lib_a-impure.o)
                              /home/cameron/st/stm32cubeide_1.4.0/plugins/com.st.stm32cube.ide.mcu.externaltools.gnu-tools-for-stm32.7-2018-q2-update.linux64_1.4.0.202007081208/tools/bin/../lib/gcc/arm-none-eabi/7.3.1/../../../../arm-none-eabi/lib/thumb/v7e-m/fpv5/hard/libc_nano.a(lib_a-exit.o) (_global_impure_ptr)
/home/cameron/st/stm32cubeide_1.4.0/plugins/com.st.stm32cube.ide.mcu.externaltools.gnu-tools-for-stm32.7-2018-q2-update.linux64_1.4.0.202007081208/tools/bin/../lib/gcc/arm-none-eabi/7.3.1/../../../../arm-none-eabi/lib/thumb/v7e-m/fpv5/hard/libc_nano.a(lib_a-init.o)
                              /home/cameron/st/stm32cubeide_1.4.0/plugins/com.st.stm32cube.ide.mcu.externaltools.gnu-tools-for-stm32.7-2018-q2-update.linux64_1.4.0.202007081208/tools/bin/../lib/gcc/arm-none-eabi/7.3.1/../../../../arm-none-eabi/lib/thumb/v7e-m/fpv5/hard/crt0.o (__libc_init_array)
/home/cameron/st/stm32cubeide_1.4.0/plugins/com.st.stm32cube.ide.mcu.externaltools.gnu-tools-for-stm32.7-2018-q2-update.linux64_1.4.0.202007081208/tools/bin/../lib/gcc/arm-none-eabi/7.3.1/../../../../arm-none-eabi/lib/thumb/v7e-m/fpv5/hard/libc_nano.a(lib_a-memcpy-stub.o)
                              Middlewares/FreeRTOS/queue.o (memcpy)
/home/cameron/st/stm32cubeide_1.4.0/plugins/com.st.stm32cube.ide.mcu.externaltools.gnu-tools-for-stm32.7-2018-q2-update.linux64_1.4.0.202007081208/tools/bin/../lib/gcc/arm-none-eabi/7.3.1/../../../../arm-none-eabi/lib/thumb/v7e-m/fpv5/hard/libc_nano.a(lib_a-memset.o)
                              /home/cameron/st/stm32cubeide_1.4.0/plugins/com.st.stm32cube.ide.mcu.externaltools.gnu-tools-for-stm32.7-2018-q2-update.linux64_1.4.0.202007081208/tools/bin/../lib/gcc/arm-none-eabi/7.3.1/../../../../arm-none-eabi/lib/thumb/v7e-m/fpv5/hard/crt0.o (memset)
/home/cameron/st/stm32cubeide_1.4.0/plugins/com.st.stm32cube.ide.mcu.externaltools.gnu-tools-for-stm32.7-2018-q2-update.linux64_1.4.0.202007081208/tools/bin/../lib/gcc/arm-none-eabi/7.3.1/thumb/v7e-m/fpv5/hard/libgcc.a(_aeabi_ldivmod.o)
                              Drivers/STM32H7xx_HAL_Driver/stm32h7xx_hal_uart.o (__aeabi_ldivmod)
/home/cameron/st/stm32cubeide_1.4.0/plugins/com.st.stm32cube.ide.mcu.externaltools.gnu-tools-for-stm32.7-2018-q2-update.linux64_1.4.0.202007081208/tools/bin/../lib/gcc/arm-none-eabi/7.3.1/thumb/v7e-m/fpv5/hard/libgcc.a(_aeabi_uldivmod.o)
                              Drivers/STM32H7xx_HAL_Driver/stm32h7xx_hal_uart.o (__aeabi_uldivmod)
/home/cameron/st/stm32cubeide_1.4.0/plugins/com.st.stm32cube.ide.mcu.externaltools.gnu-tools-for-stm32.7-2018-q2-update.linux64_1.4.0.202007081208/tools/bin/../lib/gcc/arm-none-eabi/7.3.1/thumb/v7e-m/fpv5/hard/libgcc.a(_udivmoddi4.o)
                              /home/cameron/st/stm32cubeide_1.4.0/plugins/com.st.stm32cube.ide.mcu.externaltools.gnu-tools-for-stm32.7-2018-q2-update.linux64_1.4.0.202007081208/tools/bin/../lib/gcc/arm-none-eabi/7.3.1/thumb/v7e-m/fpv5/hard/libgcc.a(_aeabi_ldivmod.o) (__udivmoddi4)
/home/cameron/st/stm32cubeide_1.4.0/plugins/com.st.stm32cube.ide.mcu.externaltools.gnu-tools-for-stm32.7-2018-q2-update.linux64_1.4.0.202007081208/tools/bin/../lib/gcc/arm-none-eabi/7.3.1/thumb/v7e-m/fpv5/hard/libgcc.a(_dvmd_tls.o)
                              /home/cameron/st/stm32cubeide_1.4.0/plugins/com.st.stm32cube.ide.mcu.externaltools.gnu-tools-for-stm32.7-2018-q2-update.linux64_1.4.0.202007081208/tools/bin/../lib/gcc/arm-none-eabi/7.3.1/thumb/v7e-m/fpv5/hard/libgcc.a(_aeabi_ldivmod.o) (__aeabi_ldiv0)
/home/cameron/st/stm32cubeide_1.4.0/plugins/com.st.stm32cube.ide.mcu.externaltools.gnu-tools-for-stm32.7-2018-q2-update.linux64_1.4.0.202007081208/tools/bin/../lib/gcc/arm-none-eabi/7.3.1/../../../../arm-none-eabi/lib/thumb/v7e-m/fpv5/hard/libnosys.a(_exit.o)
                              /home/cameron/st/stm32cubeide_1.4.0/plugins/com.st.stm32cube.ide.mcu.externaltools.gnu-tools-for-stm32.7-2018-q2-update.linux64_1.4.0.202007081208/tools/bin/../lib/gcc/arm-none-eabi/7.3.1/../../../../arm-none-eabi/lib/thumb/v7e-m/fpv5/hard/libc_nano.a(lib_a-exit.o) (_exit)

Allocating common symbols
Common symbol       size              file

[...]
Memory Configuration

Name             Origin             Length             Attributes
DTCMRAM          0x0000000020000000 0x0000000000020000 xrw
RAM_D1           0x0000000024000000 0x0000000000080000 xrw
RAM_D2           0x0000000030000000 0x0000000000048000 xrw
RAM_D3           0x0000000038000000 0x0000000000010000 xrw
ITCMRAM          0x0000000000000000 0x0000000000010000 xrw
FLASH            0x0000000008000000 0x0000000000200000 xr
*default*        0x0000000000000000 0xffffffffffffffff

Linker script and memory map

LOAD /home/cameron/st/stm32cubeide_1.4.0/plugins/com.st.stm32cube.ide.mcu.externaltools.gnu-tools-for-stm32.7-2018-q2-update.linux64_1.4.0.202007081208/tools/bin/../lib/gcc/arm-none-eabi/7.3.1/thumb/v7e-m/fpv5/hard/crti.o
LOAD /home/cameron/st/stm32cubeide_1.4.0/plugins/com.st.stm32cube.ide.mcu.externaltools.gnu-tools-for-stm32.7-2018-q2-update.linux64_1.4.0.202007081208/tools/bin/../lib/gcc/arm-none-eabi/7.3.1/thumb/v7e-m/fpv5/hard/crtbegin.o
LOAD /home/cameron/st/stm32cubeide_1.4.0/plugins/com.st.stm32cube.ide.mcu.externaltools.gnu-tools-for-stm32.7-2018-q2-update.linux64_1.4.0.202007081208/tools/bin/../lib/gcc/arm-none-eabi/7.3.1/../../../../arm-none-eabi/lib/thumb/v7e-m/fpv5/hard/crt0.o
LOAD Application/SW4STM32/startup_stm32h743xx.o
LOAD Application/User/main.o
LOAD Application/User/stm32h7xx_hal_timebase_tim.o
LOAD Application/User/stm32h7xx_it.o
LOAD Drivers/BSP/STM32H7xx_Nucleo/stm32h7xx_nucleo.o
LOAD Drivers/CMSIS/system_stm32h7xx.o
LOAD Drivers/STM32H7xx_HAL_Driver/stm32h7xx_hal.o
LOAD Drivers/STM32H7xx_HAL_Driver/stm32h7xx_hal_adc.o
LOAD Drivers/STM32H7xx_HAL_Driver/stm32h7xx_hal_adc_ex.o
LOAD Drivers/STM32H7xx_HAL_Driver/stm32h7xx_hal_cortex.o
LOAD Drivers/STM32H7xx_HAL_Driver/stm32h7xx_hal_dma.o
LOAD Drivers/STM32H7xx_HAL_Driver/stm32h7xx_hal_dma_ex.o
LOAD Drivers/STM32H7xx_HAL_Driver/stm32h7xx_hal_exti.o
LOAD Drivers/STM32H7xx_HAL_Driver/stm32h7xx_hal_gpio.o
LOAD Drivers/STM32H7xx_HAL_Driver/stm32h7xx_hal_i2c.o
LOAD Drivers/STM32H7xx_HAL_Driver/stm32h7xx_hal_i2c_ex.o
LOAD Drivers/STM32H7xx_HAL_Driver/stm32h7xx_hal_pwr.o
LOAD Drivers/STM32H7xx_HAL_Driver/stm32h7xx_hal_pwr_ex.o
LOAD Drivers/STM32H7xx_HAL_Driver/stm32h7xx_hal_rcc.o
LOAD Drivers/STM32H7xx_HAL_Driver/stm32h7xx_hal_rcc_ex.o
LOAD Drivers/STM32H7xx_HAL_Driver/stm32h7xx_hal_tim.o
LOAD Drivers/STM32H7xx_HAL_Driver/stm32h7xx_hal_tim_ex.o
LOAD Drivers/STM32H7xx_HAL_Driver/stm32h7xx_hal_uart.o
LOAD Drivers/STM32H7xx_HAL_Driver/stm32h7xx_hal_uart_ex.o
LOAD Middlewares/FreeRTOS/CMSIS-RTOS/cmsis_os.o
LOAD Middlewares/FreeRTOS/croutine.o
LOAD Middlewares/FreeRTOS/event_groups.o
LOAD Middlewares/FreeRTOS/list.o
LOAD Middlewares/FreeRTOS/queue.o
LOAD Middlewares/FreeRTOS/tasks.o
LOAD Middlewares/FreeRTOS/timers.o
LOAD Middlewares/FreeRTOS/portable/heap_4.o
LOAD Middlewares/FreeRTOS/portable/port.o
START GROUP
LOAD /home/cameron/st/stm32cubeide_1.4.0/plugins/com.st.stm32cube.ide.mcu.externaltools.gnu-tools-for-stm32.7-2018-q2-update.linux64_1.4.0.202007081208/tools/bin/../lib/gcc/arm-none-eabi/7.3.1/../../../../arm-none-eabi/lib/thumb/v7e-m/fpv5/hard/libc_nano.a
LOAD /home/cameron/st/stm32cubeide_1.4.0/plugins/com.st.stm32cube.ide.mcu.externaltools.gnu-tools-for-stm32.7-2018-q2-update.linux64_1.4.0.202007081208/tools/bin/../lib/gcc/arm-none-eabi/7.3.1/../../../../arm-none-eabi/lib/thumb/v7e-m/fpv5/hard/libm.a
END GROUP
START GROUP
LOAD /home/cameron/st/stm32cubeide_1.4.0/plugins/com.st.stm32cube.ide.mcu.externaltools.gnu-tools-for-stm32.7-2018-q2-update.linux64_1.4.0.202007081208/tools/bin/../lib/gcc/arm-none-eabi/7.3.1/thumb/v7e-m/fpv5/hard/libgcc.a
LOAD /home/cameron/st/stm32cubeide_1.4.0/plugins/com.st.stm32cube.ide.mcu.externaltools.gnu-tools-for-stm32.7-2018-q2-update.linux64_1.4.0.202007081208/tools/bin/../lib/gcc/arm-none-eabi/7.3.1/../../../../arm-none-eabi/lib/thumb/v7e-m/fpv5/hard/libc_nano.a
END GROUP
START GROUP
LOAD /home/cameron/st/stm32cubeide_1.4.0/plugins/com.st.stm32cube.ide.mcu.externaltools.gnu-tools-for-stm32.7-2018-q2-update.linux64_1.4.0.202007081208/tools/bin/../lib/gcc/arm-none-eabi/7.3.1/thumb/v7e-m/fpv5/hard/libgcc.a
LOAD /home/cameron/st/stm32cubeide_1.4.0/plugins/com.st.stm32cube.ide.mcu.externaltools.gnu-tools-for-stm32.7-2018-q2-update.linux64_1.4.0.202007081208/tools/bin/../lib/gcc/arm-none-eabi/7.3.1/../../../../arm-none-eabi/lib/thumb/v7e-m/fpv5/hard/libc_nano.a
LOAD /home/cameron/st/stm32cubeide_1.4.0/plugins/com.st.stm32cube.ide.mcu.externaltools.gnu-tools-for-stm32.7-2018-q2-update.linux64_1.4.0.202007081208/tools/bin/../lib/gcc/arm-none-eabi/7.3.1/../../../../arm-none-eabi/lib/thumb/v7e-m/fpv5/hard/libnosys.a
END GROUP
START GROUP
LOAD /home/cameron/st/stm32cubeide_1.4.0/plugins/com.st.stm32cube.ide.mcu.externaltools.gnu-tools-for-stm32.7-2018-q2-update.linux64_1.4.0.202007081208/tools/bin/../lib/gcc/arm-none-eabi/7.3.1/thumb/v7e-m/fpv5/hard/libgcc.a
LOAD /home/cameron/st/stm32cubeide_1.4.0/plugins/com.st.stm32cube.ide.mcu.externaltools.gnu-tools-for-stm32.7-2018-q2-update.linux64_1.4.0.202007081208/tools/bin/../lib/gcc/arm-none-eabi/7.3.1/../../../../arm-none-eabi/lib/thumb/v7e-m/fpv5/hard/libc_nano.a
LOAD /home/cameron/st/stm32cubeide_1.4.0/plugins/com.st.stm32cube.ide.mcu.externaltools.gnu-tools-for-stm32.7-2018-q2-update.linux64_1.4.0.202007081208/tools/bin/../lib/gcc/arm-none-eabi/7.3.1/../../../../arm-none-eabi/lib/thumb/v7e-m/fpv5/hard/libnosys.a
END GROUP
LOAD /home/cameron/st/stm32cubeide_1.4.0/plugins/com.st.stm32cube.ide.mcu.externaltools.gnu-tools-for-stm32.7-2018-q2-update.linux64_1.4.0.202007081208/tools/bin/../lib/gcc/arm-none-eabi/7.3.1/thumb/v7e-m/fpv5/hard/crtend.o
LOAD /home/cameron/st/stm32cubeide_1.4.0/plugins/com.st.stm32cube.ide.mcu.externaltools.gnu-tools-for-stm32.7-2018-q2-update.linux64_1.4.0.202007081208/tools/bin/../lib/gcc/arm-none-eabi/7.3.1/thumb/v7e-m/fpv5/hard/crtn.o
                0x0000000020020000                _estack = 0x20020000
                0x0000000000000200                _Min_Heap_Size = 0x200
                0x0000000000000400                _Min_Stack_Size = 0x400

.isr_vector     0x0000000008000000      0x298
                0x0000000008000000                . = ALIGN (0x4)
 *(.isr_vector)
 .isr_vector    0x0000000008000000      0x298 Application/SW4STM32/startup_stm32h743xx.o
                0x0000000008000000                g_pfnVectors
                0x0000000008000298                . = ALIGN (0x4)

.text           0x00000000080002a0     0x22ac
                0x00000000080002a0                . = ALIGN (0x4)
 *(.text)
 .text          0x00000000080002a0       0x40 /home/cameron/st/stm32cubeide_1.4.0/plugins/com.st.stm32cube.ide.mcu.externaltools.gnu-tools-for-stm32.7-2018-q2-update.linux64_1.4.0.202007081208/tools/bin/../lib/gcc/arm-none-eabi/7.3.1/thumb/v7e-m/fpv5/hard/crtbegin.o
 *(.text*)
 .text.Reset_Handler
                0x00000000080002e0       0x50 Application/SW4STM32/startup_stm32h743xx.o
                0x00000000080002e0                Reset_Handler
 .text.Default_Handler
                0x0000000008000330        0x2 Application/SW4STM32/startup_stm32h743xx.o
                0x0000000008000330                RTC_Alarm_IRQHandler
                0x0000000008000330                EXTI2_IRQHandler
                0x0000000008000330                TIM8_CC_IRQHandler
                0x0000000008000330                HRTIM1_Master_IRQHandler
                0x0000000008000330                UART8_IRQHandler
                0x0000000008000330                SPI4_IRQHandler
                0x0000000008000330                TIM1_CC_IRQHandler
                0x0000000008000330                BDMA_Channel6_IRQHandler
                0x0000000008000330                DMA2_Stream5_IRQHandler
                0x0000000008000330                HRTIM1_FLT_IRQHandler
                0x0000000008000330                JPEG_IRQHandler
                0x0000000008000330                DMA1_Stream5_IRQHandler
                0x0000000008000330                BDMA_Channel1_IRQHandler
                0x0000000008000330                HRTIM1_TIMD_IRQHandler
                0x0000000008000330                TAMP_STAMP_IRQHandler
                0x0000000008000330                EXTI3_IRQHandler
                0x0000000008000330                LPTIM4_IRQHandler
                0x0000000008000330                TIM8_TRG_COM_TIM14_IRQHandler
                0x0000000008000330                LPTIM2_IRQHandler
                0x0000000008000330                DFSDM1_FLT1_IRQHandler
                0x0000000008000330                DMAMUX2_OVR_IRQHandler
                0x0000000008000330                TIM8_UP_TIM13_IRQHandler
                0x0000000008000330                I2C3_ER_IRQHandler
                0x0000000008000330                DFSDM1_FLT2_IRQHandler
                0x0000000008000330                MDMA_IRQHandler
                0x0000000008000330                LPTIM3_IRQHandler
                0x0000000008000330                HSEM1_IRQHandler
                0x0000000008000330                EXTI0_IRQHandler
                0x0000000008000330                I2C2_EV_IRQHandler
                0x0000000008000330                DMA1_Stream2_IRQHandler
                0x0000000008000330                FPU_IRQHandler
                0x0000000008000330                OTG_HS_WKUP_IRQHandler
                0x0000000008000330                FDCAN1_IT1_IRQHandler
                0x0000000008000330                LTDC_ER_IRQHandler
                0x0000000008000330                DMA2_Stream2_IRQHandler
                0x0000000008000330                HRTIM1_TIME_IRQHandler
                0x0000000008000330                SPI1_IRQHandler
                0x0000000008000330                DCMI_IRQHandler
                0x0000000008000330                HRTIM1_TIMC_IRQHandler
                0x0000000008000330                DMA2_Stream3_IRQHandler
                0x0000000008000330                SAI2_IRQHandler
                0x0000000008000330                DFSDM1_FLT3_IRQHandler
                0x0000000008000330                USART6_IRQHandler
                0x0000000008000330                TIM17_IRQHandler
                0x0000000008000330                USART3_IRQHandler
                0x0000000008000330                BDMA_Channel7_IRQHandler
                0x0000000008000330                LPTIM5_IRQHandler
                0x0000000008000330                UART5_IRQHandler
                0x0000000008000330                ADC3_IRQHandler
                0x0000000008000330                DMA2_Stream0_IRQHandler
                0x0000000008000330                TIM4_IRQHandler
                0x0000000008000330                BDMA_Channel2_IRQHandler
                0x0000000008000330                QUADSPI_IRQHandler
                0x0000000008000330                I2C1_EV_IRQHandler
                0x0000000008000330                DMA1_Stream6_IRQHandler
                0x0000000008000330                DMAMUX1_OVR_IRQHandler
                0x0000000008000330                DMA1_Stream1_IRQHandler
                0x0000000008000330                TIM16_IRQHandler
                0x0000000008000330                UART4_IRQHandler
                0x0000000008000330                BDMA_Channel5_IRQHandler
                0x0000000008000330                TIM3_IRQHandler
                0x0000000008000330                RCC_IRQHandler
                0x0000000008000330                TIM8_BRK_TIM12_IRQHandler
                0x0000000008000330                TIM1_TRG_COM_IRQHandler
                0x0000000008000330                Default_Handler
                0x0000000008000330                ECC_IRQHandler
                0x0000000008000330                CEC_IRQHandler
                0x0000000008000330                EXTI15_10_IRQHandler
                0x0000000008000330                BDMA_Channel0_IRQHandler
                0x0000000008000330                ADC_IRQHandler
                0x0000000008000330                DMA1_Stream7_IRQHandler
                0x0000000008000330                HRTIM1_TIMA_IRQHandler
                0x0000000008000330                SPI5_IRQHandler
                0x0000000008000330                TIM7_IRQHandler
                0x0000000008000330                SDMMC1_IRQHandler
                0x0000000008000330                TIM5_IRQHandler
                0x0000000008000330                DMA2_Stream7_IRQHandler
                0x0000000008000330                TIM15_IRQHandler
                0x0000000008000330                PVD_AVD_IRQHandler
                0x0000000008000330                I2C3_EV_IRQHandler
                0x0000000008000330                EXTI9_5_IRQHandler
                0x0000000008000330                RTC_WKUP_IRQHandler
                0x0000000008000330                LTDC_IRQHandler
                0x0000000008000330                SAI3_IRQHandler
                0x0000000008000330                ETH_WKUP_IRQHandler
                0x0000000008000330                SPDIF_RX_IRQHandler
                0x0000000008000330                SPI2_IRQHandler
                0x0000000008000330                OTG_HS_EP1_IN_IRQHandler
                0x0000000008000330                DMA1_Stream0_IRQHandler
                0x0000000008000330                CRS_IRQHandler
                0x0000000008000330                EXTI4_IRQHandler
                0x0000000008000330                RNG_IRQHandler
                0x0000000008000330                HRTIM1_TIMB_IRQHandler
                0x0000000008000330                FDCAN2_IT1_IRQHandler
                0x0000000008000330                ETH_IRQHandler
                0x0000000008000330                TIM1_UP_IRQHandler
                0x0000000008000330                BDMA_Channel4_IRQHandler
                0x0000000008000330                OTG_HS_EP1_OUT_IRQHandler
                0x0000000008000330                WWDG_IRQHandler
                0x0000000008000330                SPI6_IRQHandler
                0x0000000008000330                MDIOS_IRQHandler
                0x0000000008000330                I2C4_EV_IRQHandler
                0x0000000008000330                FDCAN2_IT0_IRQHandler
                0x0000000008000330                LPUART1_IRQHandler
                0x0000000008000330                FDCAN1_IT0_IRQHandler
                0x0000000008000330                TIM2_IRQHandler
                0x0000000008000330                OTG_FS_WKUP_IRQHandler
                0x0000000008000330                OTG_HS_IRQHandler
                0x0000000008000330                DMA2D_IRQHandler
                0x0000000008000330                TIM1_BRK_IRQHandler
                0x0000000008000330                EXTI1_IRQHandler
                0x0000000008000330                SDMMC2_IRQHandler
                0x0000000008000330                OTG_FS_EP1_OUT_IRQHandler
                0x0000000008000330                BDMA_Channel3_IRQHandler
                0x0000000008000330                UART7_IRQHandler
                0x0000000008000330                MDIOS_WKUP_IRQHandler
                0x0000000008000330                USART2_IRQHandler
                0x0000000008000330                DFSDM1_FLT0_IRQHandler
                0x0000000008000330                SAI4_IRQHandler
                0x0000000008000330                I2C2_ER_IRQHandler
                0x0000000008000330                DMA2_Stream1_IRQHandler
                0x0000000008000330                FLASH_IRQHandler
                0x0000000008000330                DMA2_Stream4_IRQHandler
                0x0000000008000330                USART1_IRQHandler
                0x0000000008000330                OTG_FS_IRQHandler
                0x0000000008000330                SPI3_IRQHandler
                0x0000000008000330                WAKEUP_PIN_IRQHandler
                0x0000000008000330                DMA1_Stream4_IRQHandler
                0x0000000008000330                OTG_FS_EP1_IN_IRQHandler
                0x0000000008000330                I2C1_ER_IRQHandler
                0x0000000008000330                FMC_IRQHandler
                0x0000000008000330                FDCAN_CAL_IRQHandler
                0x0000000008000330                SWPMI1_IRQHandler
                0x0000000008000330                COMP1_IRQHandler
                0x0000000008000330                LPTIM1_IRQHandler
                0x0000000008000330                I2C4_ER_IRQHandler
                0x0000000008000330                DMA2_Stream6_IRQHandler
                0x0000000008000330                SAI1_IRQHandler
                0x0000000008000330                DMA1_Stream3_IRQHandler
 *fill*         0x0000000008000332        0x2 
 .text.LED_Thread2
                0x0000000008000334       0x40 Application/User/main.o
 .text.LED_Thread1
                0x0000000008000374       0x5c Application/User/main.o
 .text.startup.main
                0x00000000080003d0      0x170 Application/User/main.o
                0x00000000080003d0                main
 .text.HAL_InitTick
                0x0000000008000540       0x98 Application/User/stm32h7xx_hal_timebase_tim.o
                0x0000000008000540                HAL_InitTick
 .text.HAL_TIM_PeriodElapsedCallback
                0x00000000080005d8        0x4 Application/User/stm32h7xx_hal_timebase_tim.o
                0x00000000080005d8                HAL_TIM_PeriodElapsedCallback
 .text.TIM6_DAC_IRQHandler
                0x00000000080005dc        0xc Application/User/stm32h7xx_hal_timebase_tim.o
                0x00000000080005dc                TIM6_DAC_IRQHandler
 .text.NMI_Handler
                0x00000000080005e8        0x2 Application/User/stm32h7xx_it.o
                0x00000000080005e8                NMI_Handler
 .text.HardFault_Handler
                0x00000000080005ea        0x2 Application/User/stm32h7xx_it.o
                0x00000000080005ea                HardFault_Handler
 .text.MemManage_Handler
                0x00000000080005ec        0x2 Application/User/stm32h7xx_it.o
                0x00000000080005ec                MemManage_Handler
 .text.BusFault_Handler
                0x00000000080005ee        0x2 Application/User/stm32h7xx_it.o
                0x00000000080005ee                BusFault_Handler
 .text.UsageFault_Handler
                0x00000000080005f0        0x2 Application/User/stm32h7xx_it.o
                0x00000000080005f0                UsageFault_Handler
 .text.DebugMon_Handler
                0x00000000080005f2        0x2 Application/User/stm32h7xx_it.o
                0x00000000080005f2                DebugMon_Handler
 .text.SysTick_Handler
                0x00000000080005f4        0x4 Application/User/stm32h7xx_it.o
                0x00000000080005f4                SysTick_Handler
 .text.BSP_LED_Init
                0x00000000080005f8       0x94 Drivers/BSP/STM32H7xx_Nucleo/stm32h7xx_nucleo.o
                0x00000000080005f8                BSP_LED_Init
 .text.BSP_LED_Off
                0x000000000800068c       0x28 Drivers/BSP/STM32H7xx_Nucleo/stm32h7xx_nucleo.o
                0x000000000800068c                BSP_LED_Off
 .text.BSP_LED_Toggle
                0x00000000080006b4       0x24 Drivers/BSP/STM32H7xx_Nucleo/stm32h7xx_nucleo.o
                0x00000000080006b4                BSP_LED_Toggle
 .text.SystemInit
                0x00000000080006d8       0x84 Drivers/CMSIS/system_stm32h7xx.o
                0x00000000080006d8                SystemInit
 .text.HAL_MspInit
                0x000000000800075c        0x2 Drivers/STM32H7xx_HAL_Driver/stm32h7xx_hal.o
                0x000000000800075c                HAL_MspInit
 *fill*         0x000000000800075e        0x2 
 .text.HAL_Init
                0x0000000008000760       0x5c Drivers/STM32H7xx_HAL_Driver/stm32h7xx_hal.o
                0x0000000008000760                HAL_Init
 .text.HAL_IncTick
                0x00000000080007bc       0x18 Drivers/STM32H7xx_HAL_Driver/stm32h7xx_hal.o
                0x00000000080007bc                HAL_IncTick
 .text.HAL_GetTick
                0x00000000080007d4        0xc Drivers/STM32H7xx_HAL_Driver/stm32h7xx_hal.o
                0x00000000080007d4                HAL_GetTick
 .text.HAL_GetREVID
                0x00000000080007e0        0xc Drivers/STM32H7xx_HAL_Driver/stm32h7xx_hal.o
                0x00000000080007e0                HAL_GetREVID
 .text.HAL_NVIC_SetPriorityGrouping
                0x00000000080007ec       0x24 Drivers/STM32H7xx_HAL_Driver/stm32h7xx_hal_cortex.o
                0x00000000080007ec                HAL_NVIC_SetPriorityGrouping
 .text.HAL_NVIC_SetPriority
                0x0000000008000810       0x64 Drivers/STM32H7xx_HAL_Driver/stm32h7xx_hal_cortex.o
                0x0000000008000810                HAL_NVIC_SetPriority
 .text.HAL_NVIC_EnableIRQ
                0x0000000008000874       0x1c Drivers/STM32H7xx_HAL_Driver/stm32h7xx_hal_cortex.o
                0x0000000008000874                HAL_NVIC_EnableIRQ
 .text.HAL_GPIO_Init
                0x0000000008000890      0x1d4 Drivers/STM32H7xx_HAL_Driver/stm32h7xx_hal_gpio.o
                0x0000000008000890                HAL_GPIO_Init
 .text.HAL_GPIO_WritePin
                0x0000000008000a64        0xa Drivers/STM32H7xx_HAL_Driver/stm32h7xx_hal_gpio.o
                0x0000000008000a64                HAL_GPIO_WritePin
 .text.HAL_GPIO_TogglePin
                0x0000000008000a6e        0xe Drivers/STM32H7xx_HAL_Driver/stm32h7xx_hal_gpio.o
                0x0000000008000a6e                HAL_GPIO_TogglePin
 .text.HAL_PWREx_ConfigSupply
                0x0000000008000a7c       0x48 Drivers/STM32H7xx_HAL_Driver/stm32h7xx_hal_pwr_ex.o
                0x0000000008000a7c                HAL_PWREx_ConfigSupply
 .text.HAL_RCC_OscConfig
                0x0000000008000ac4      0x530 Drivers/STM32H7xx_HAL_Driver/stm32h7xx_hal_rcc.o
                0x0000000008000ac4                HAL_RCC_OscConfig
 .text.HAL_RCC_GetSysClockFreq
                0x0000000008000ff4      0x138 Drivers/STM32H7xx_HAL_Driver/stm32h7xx_hal_rcc.o
                0x0000000008000ff4                HAL_RCC_GetSysClockFreq
 .text.HAL_RCC_ClockConfig
                0x000000000800112c      0x24c Drivers/STM32H7xx_HAL_Driver/stm32h7xx_hal_rcc.o
                0x000000000800112c                HAL_RCC_ClockConfig
 .text.HAL_RCC_GetHCLKFreq
                0x0000000008001378       0x44 Drivers/STM32H7xx_HAL_Driver/stm32h7xx_hal_rcc.o
                0x0000000008001378                HAL_RCC_GetHCLKFreq
 .text.HAL_RCC_GetPCLK1Freq
                0x00000000080013bc       0x24 Drivers/STM32H7xx_HAL_Driver/stm32h7xx_hal_rcc.o
                0x00000000080013bc                HAL_RCC_GetPCLK1Freq
 .text.HAL_RCC_GetClockConfig
                0x00000000080013e0       0x54 Drivers/STM32H7xx_HAL_Driver/stm32h7xx_hal_rcc.o
                0x00000000080013e0                HAL_RCC_GetClockConfig
 .text.HAL_TIM_Base_MspInit
                0x0000000008001434        0x2 Drivers/STM32H7xx_HAL_Driver/stm32h7xx_hal_tim.o
                0x0000000008001434                HAL_TIM_Base_MspInit
 *fill*         0x0000000008001436        0x2 
 .text.HAL_TIM_Base_Start_IT
                0x0000000008001438       0x3c Drivers/STM32H7xx_HAL_Driver/stm32h7xx_hal_tim.o
                0x0000000008001438                HAL_TIM_Base_Start_IT
 .text.HAL_TIM_OC_DelayElapsedCallback
                0x0000000008001474        0x2 Drivers/STM32H7xx_HAL_Driver/stm32h7xx_hal_tim.o
                0x0000000008001474                HAL_TIM_OC_DelayElapsedCallback
 .text.HAL_TIM_IC_CaptureCallback
                0x0000000008001476        0x2 Drivers/STM32H7xx_HAL_Driver/stm32h7xx_hal_tim.o
                0x0000000008001476                HAL_TIM_IC_CaptureCallback
 .text.HAL_TIM_PWM_PulseFinishedCallback
                0x0000000008001478        0x2 Drivers/STM32H7xx_HAL_Driver/stm32h7xx_hal_tim.o
                0x0000000008001478                HAL_TIM_PWM_PulseFinishedCallback
 .text.HAL_TIM_TriggerCallback
                0x000000000800147a        0x2 Drivers/STM32H7xx_HAL_Driver/stm32h7xx_hal_tim.o
                0x000000000800147a                HAL_TIM_TriggerCallback
 .text.HAL_TIM_IRQHandler
                0x000000000800147c      0x160 Drivers/STM32H7xx_HAL_Driver/stm32h7xx_hal_tim.o
                0x000000000800147c                HAL_TIM_IRQHandler
 .text.TIM_Base_SetConfig
                0x00000000080015dc       0xcc Drivers/STM32H7xx_HAL_Driver/stm32h7xx_hal_tim.o
                0x00000000080015dc                TIM_Base_SetConfig
 .text.HAL_TIM_Base_Init
                0x00000000080016a8       0x60 Drivers/STM32H7xx_HAL_Driver/stm32h7xx_hal_tim.o
                0x00000000080016a8                HAL_TIM_Base_Init
 .text.HAL_TIMEx_CommutCallback
                0x0000000008001708        0x2 Drivers/STM32H7xx_HAL_Driver/stm32h7xx_hal_tim_ex.o
                0x0000000008001708                HAL_TIMEx_CommutCallback
 .text.HAL_TIMEx_BreakCallback
                0x000000000800170a        0x2 Drivers/STM32H7xx_HAL_Driver/stm32h7xx_hal_tim_ex.o
                0x000000000800170a                HAL_TIMEx_BreakCallback
 .text.HAL_TIMEx_Break2Callback
                0x000000000800170c        0x2 Drivers/STM32H7xx_HAL_Driver/stm32h7xx_hal_tim_ex.o
                0x000000000800170c                HAL_TIMEx_Break2Callback
 .text.osKernelStart
                0x000000000800170e        0xa Middlewares/FreeRTOS/CMSIS-RTOS/cmsis_os.o
                0x000000000800170e                osKernelStart
 .text.osKernelSysTick
                0x0000000008001718        0xe Middlewares/FreeRTOS/CMSIS-RTOS/cmsis_os.o
                0x0000000008001718                osKernelSysTick
 .text.osThreadCreate
                0x0000000008001726       0x30 Middlewares/FreeRTOS/CMSIS-RTOS/cmsis_os.o
                0x0000000008001726                osThreadCreate
 .text.osDelay  0x0000000008001756       0x10 Middlewares/FreeRTOS/CMSIS-RTOS/cmsis_os.o
                0x0000000008001756                osDelay
 .text.osSystickHandler
                0x0000000008001766       0x14 Middlewares/FreeRTOS/CMSIS-RTOS/cmsis_os.o
                0x0000000008001766                osSystickHandler
 .text.osThreadSuspend
                0x000000000800177a        0xa Middlewares/FreeRTOS/CMSIS-RTOS/cmsis_os.o
                0x000000000800177a                osThreadSuspend
 .text.osThreadResume
                0x0000000008001784       0x30 Middlewares/FreeRTOS/CMSIS-RTOS/cmsis_os.o
                0x0000000008001784                osThreadResume
 .text.vListInitialise
                0x00000000080017b4       0x16 Middlewares/FreeRTOS/list.o
                0x00000000080017b4                vListInitialise
 .text.vListInitialiseItem
                0x00000000080017ca        0x6 Middlewares/FreeRTOS/list.o
                0x00000000080017ca                vListInitialiseItem
 .text.vListInsertEnd
                0x00000000080017d0       0x18 Middlewares/FreeRTOS/list.o
                0x00000000080017d0                vListInsertEnd
 .text.vListInsert
                0x00000000080017e8       0x2e Middlewares/FreeRTOS/list.o
                0x00000000080017e8                vListInsert
 .text.uxListRemove
                0x0000000008001816       0x22 Middlewares/FreeRTOS/list.o
                0x0000000008001816                uxListRemove
 .text.prvTaskIsTaskSuspended
                0x0000000008001838       0x34 Middlewares/FreeRTOS/tasks.o
 .text.prvResetNextTaskUnblockTime
                0x000000000800186c       0x20 Middlewares/FreeRTOS/tasks.o
 .text.prvAddCurrentTaskToDelayedList
                0x000000000800188c       0x68 Middlewares/FreeRTOS/tasks.o
 .text.prvIdleTask
                0x00000000080018f4       0x54 Middlewares/FreeRTOS/tasks.o
 .text.xTaskCreate
                0x0000000008001948      0x184 Middlewares/FreeRTOS/tasks.o
                0x0000000008001948                xTaskCreate
 .text.vTaskResume
                0x0000000008001acc       0x7c Middlewares/FreeRTOS/tasks.o
                0x0000000008001acc                vTaskResume
 .text.xTaskResumeFromISR
                0x0000000008001b48       0x9c Middlewares/FreeRTOS/tasks.o
                0x0000000008001b48                xTaskResumeFromISR
 .text.vTaskStartScheduler
                0x0000000008001be4       0x6c Middlewares/FreeRTOS/tasks.o
                0x0000000008001be4                vTaskStartScheduler
 .text.vTaskSuspendAll
                0x0000000008001c50       0x14 Middlewares/FreeRTOS/tasks.o
                0x0000000008001c50                vTaskSuspendAll
 .text.xTaskGetTickCount
                0x0000000008001c64        0xc Middlewares/FreeRTOS/tasks.o
                0x0000000008001c64                xTaskGetTickCount
 .text.xTaskGetTickCountFromISR
                0x0000000008001c70       0x10 Middlewares/FreeRTOS/tasks.o
                0x0000000008001c70                xTaskGetTickCountFromISR
 .text.xTaskIncrementTick
                0x0000000008001c80       0xe8 Middlewares/FreeRTOS/tasks.o
                0x0000000008001c80                xTaskIncrementTick
 .text.xTaskResumeAll
                0x0000000008001d68       0xd4 Middlewares/FreeRTOS/tasks.o
                0x0000000008001d68                xTaskResumeAll
 .text.vTaskDelay
                0x0000000008001e3c       0x4c Middlewares/FreeRTOS/tasks.o
                0x0000000008001e3c                vTaskDelay
 .text.vTaskSwitchContext
                0x0000000008001e88       0x64 Middlewares/FreeRTOS/tasks.o
                0x0000000008001e88                vTaskSwitchContext
 .text.vTaskSuspend
                0x0000000008001eec       0xbc Middlewares/FreeRTOS/tasks.o
                0x0000000008001eec                vTaskSuspend
 .text.xTaskGetSchedulerState
                0x0000000008001fa8       0x20 Middlewares/FreeRTOS/tasks.o
                0x0000000008001fa8                xTaskGetSchedulerState
 .text.unlikely.prvInsertBlockIntoFreeList
                0x0000000008001fc8       0x44 Middlewares/FreeRTOS/portable/heap_4.o
 .text.pvPortMalloc
                0x000000000800200c      0x10c Middlewares/FreeRTOS/portable/heap_4.o
                0x000000000800200c                pvPortMalloc
 .text.vPortFree
                0x0000000008002118       0x70 Middlewares/FreeRTOS/portable/heap_4.o
                0x0000000008002118                vPortFree
 .text.prvTaskExitError
                0x0000000008002188       0x40 Middlewares/FreeRTOS/portable/port.o
 .text.unlikely.prvPortStartFirstTask
                0x00000000080021c8       0x28 Middlewares/FreeRTOS/portable/port.o
 .text.unlikely.vPortEnableVFP
                0x00000000080021f0       0x14 Middlewares/FreeRTOS/portable/port.o
 .text.pxPortInitialiseStack
                0x0000000008002204       0x24 Middlewares/FreeRTOS/portable/port.o
                0x0000000008002204                pxPortInitialiseStack
 *fill*         0x0000000008002228        0x8 
 .text.SVC_Handler
                0x0000000008002230       0x24 Middlewares/FreeRTOS/portable/port.o
                0x0000000008002230                SVC_Handler
 .text.vPortEnterCritical
                0x0000000008002254       0x44 Middlewares/FreeRTOS/portable/port.o
                0x0000000008002254                vPortEnterCritical
 .text.vPortExitCritical
                0x0000000008002298       0x28 Middlewares/FreeRTOS/portable/port.o
                0x0000000008002298                vPortExitCritical
 .text.PendSV_Handler
                0x00000000080022c0       0x64 Middlewares/FreeRTOS/portable/port.o
                0x00000000080022c0                PendSV_Handler
 .text.xPortSysTickHandler
                0x0000000008002324       0x2c Middlewares/FreeRTOS/portable/port.o
                0x0000000008002324                xPortSysTickHandler
 .text.vPortSetupTimerInterrupt
                0x0000000008002350       0x34 Middlewares/FreeRTOS/portable/port.o
                0x0000000008002350                vPortSetupTimerInterrupt
 .text.xPortStartScheduler
                0x0000000008002384      0x104 Middlewares/FreeRTOS/portable/port.o
                0x0000000008002384                xPortStartScheduler
 .text.vPortValidateInterruptPriority
                0x0000000008002488       0x54 Middlewares/FreeRTOS/portable/port.o
                0x0000000008002488                vPortValidateInterruptPriority
 .text.__libc_init_array
                0x00000000080024dc       0x48 /home/cameron/st/stm32cubeide_1.4.0/plugins/com.st.stm32cube.ide.mcu.externaltools.gnu-tools-for-stm32.7-2018-q2-update.linux64_1.4.0.202007081208/tools/bin/../lib/gcc/arm-none-eabi/7.3.1/../../../../arm-none-eabi/lib/thumb/v7e-m/fpv5/hard/libc_nano.a(lib_a-init.o)
                0x00000000080024dc                __libc_init_array
 .text.memset   0x0000000008002524       0x10 /home/cameron/st/stm32cubeide_1.4.0/plugins/com.st.stm32cube.ide.mcu.externaltools.gnu-tools-for-stm32.7-2018-q2-update.linux64_1.4.0.202007081208/tools/bin/../lib/gcc/arm-none-eabi/7.3.1/../../../../arm-none-eabi/lib/thumb/v7e-m/fpv5/hard/libc_nano.a(lib_a-memset.o)
                0x0000000008002524                memset
 *(.glue_7)
 .glue_7        0x0000000008002534        0x0 linker stubs
 *(.glue_7t)
 .glue_7t       0x0000000008002534        0x0 linker stubs
 *(.eh_frame)
 .eh_frame      0x0000000008002534        0x0 /home/cameron/st/stm32cubeide_1.4.0/plugins/com.st.stm32cube.ide.mcu.externaltools.gnu-tools-for-stm32.7-2018-q2-update.linux64_1.4.0.202007081208/tools/bin/../lib/gcc/arm-none-eabi/7.3.1/thumb/v7e-m/fpv5/hard/crtbegin.o
 *(.init)
 .init          0x0000000008002534        0x4 /home/cameron/st/stm32cubeide_1.4.0/plugins/com.st.stm32cube.ide.mcu.externaltools.gnu-tools-for-stm32.7-2018-q2-update.linux64_1.4.0.202007081208/tools/bin/../lib/gcc/arm-none-eabi/7.3.1/thumb/v7e-m/fpv5/hard/crti.o
                0x0000000008002534                _init
 .init          0x0000000008002538        0x8 /home/cameron/st/stm32cubeide_1.4.0/plugins/com.st.stm32cube.ide.mcu.externaltools.gnu-tools-for-stm32.7-2018-q2-update.linux64_1.4.0.202007081208/tools/bin/../lib/gcc/arm-none-eabi/7.3.1/thumb/v7e-m/fpv5/hard/crtn.o
 *(.fini)
 .fini          0x0000000008002540        0x4 /home/cameron/st/stm32cubeide_1.4.0/plugins/com.st.stm32cube.ide.mcu.externaltools.gnu-tools-for-stm32.7-2018-q2-update.linux64_1.4.0.202007081208/tools/bin/../lib/gcc/arm-none-eabi/7.3.1/thumb/v7e-m/fpv5/hard/crti.o
                0x0000000008002540                _fini
 .fini          0x0000000008002544        0x8 /home/cameron/st/stm32cubeide_1.4.0/plugins/com.st.stm32cube.ide.mcu.externaltools.gnu-tools-for-stm32.7-2018-q2-update.linux64_1.4.0.202007081208/tools/bin/../lib/gcc/arm-none-eabi/7.3.1/thumb/v7e-m/fpv5/hard/crtn.o
                0x000000000800254c                . = ALIGN (0x4)
                0x000000000800254c                _etext = .

.vfp11_veneer   0x000000000800254c        0x0
 .vfp11_veneer  0x000000000800254c        0x0 linker stubs

.v4_bx          0x000000000800254c        0x0
 .v4_bx         0x000000000800254c        0x0 linker stubs

.iplt           0x000000000800254c        0x0
 .iplt          0x000000000800254c        0x0 /home/cameron/st/stm32cubeide_1.4.0/plugins/com.st.stm32cube.ide.mcu.externaltools.gnu-tools-for-stm32.7-2018-q2-update.linux64_1.4.0.202007081208/tools/bin/../lib/gcc/arm-none-eabi/7.3.1/thumb/v7e-m/fpv5/hard/crtbegin.o

.rodata         0x000000000800254c       0x5c
                0x000000000800254c                . = ALIGN (0x4)
 *(.rodata)
 .rodata        0x000000000800254c       0x28 Application/User/main.o
 .rodata        0x0000000008002574       0x14 Drivers/BSP/STM32H7xx_Nucleo/stm32h7xx_nucleo.o
 .rodata        0x0000000008002588       0x10 Drivers/CMSIS/system_stm32h7xx.o
                0x0000000008002588                D1CorePrescTable
 *(.rodata*)
 .rodata.str1.1
                0x0000000008002598        0xa Application/User/main.o
 .rodata.str1.1
                0x00000000080025a2        0x5 Middlewares/FreeRTOS/tasks.o
                0x00000000080025a8                . = ALIGN (0x4)
 *fill*         0x00000000080025a7        0x1 

.rel.dyn        0x00000000080025a8        0x0
 .rel.iplt      0x00000000080025a8        0x0 /home/cameron/st/stm32cubeide_1.4.0/plugins/com.st.stm32cube.ide.mcu.externaltools.gnu-tools-for-stm32.7-2018-q2-update.linux64_1.4.0.202007081208/tools/bin/../lib/gcc/arm-none-eabi/7.3.1/thumb/v7e-m/fpv5/hard/crtbegin.o

.ARM.extab
 *(.ARM.extab* .gnu.linkonce.armextab.*)

.ARM            0x00000000080025a8        0x0
                0x00000000080025a8                __exidx_start = .
 *(.ARM.exidx*)
                0x00000000080025a8                __exidx_end = .

.preinit_array  0x00000000080025a8        0x0
                0x00000000080025a8                PROVIDE (__preinit_array_start = .)
 *(.preinit_array*)
                0x00000000080025a8                PROVIDE (__preinit_array_end = .)

.init_array     0x00000000080025a8        0x4
                0x00000000080025a8                PROVIDE (__init_array_start = .)
 *(SORT_BY_NAME(.init_array.*))
 *(.init_array*)
 .init_array    0x00000000080025a8        0x4 /home/cameron/st/stm32cubeide_1.4.0/plugins/com.st.stm32cube.ide.mcu.externaltools.gnu-tools-for-stm32.7-2018-q2-update.linux64_1.4.0.202007081208/tools/bin/../lib/gcc/arm-none-eabi/7.3.1/thumb/v7e-m/fpv5/hard/crtbegin.o
                0x00000000080025ac                PROVIDE (__init_array_end = .)

.fini_array     0x00000000080025ac        0x4
                [!provide]                        PROVIDE (__fini_array_start = .)
 *(SORT_BY_NAME(.fini_array.*))
 *(.fini_array*)
 .fini_array    0x00000000080025ac        0x4 /home/cameron/st/stm32cubeide_1.4.0/plugins/com.st.stm32cube.ide.mcu.externaltools.gnu-tools-for-stm32.7-2018-q2-update.linux64_1.4.0.202007081208/tools/bin/../lib/gcc/arm-none-eabi/7.3.1/thumb/v7e-m/fpv5/hard/crtbegin.o
                [!provide]                        PROVIDE (__fini_array_end = .)
                0x00000000080025b0                _sidata = LOADADDR (.data)

.data           0x0000000020000000       0x14 load address 0x00000000080025b0
                0x0000000020000000                . = ALIGN (0x4)
                0x0000000020000000                _sdata = .
 *(.data)
 .data          0x0000000020000000        0x8 Drivers/CMSIS/system_stm32h7xx.o
                0x0000000020000000                SystemCoreClock
                0x0000000020000004                SystemD2Clock
 .data          0x0000000020000008        0x8 Drivers/STM32H7xx_HAL_Driver/stm32h7xx_hal.o
                0x0000000020000008                uwTickFreq
                0x000000002000000c                uwTickPrio
 .data          0x0000000020000010        0x4 Middlewares/FreeRTOS/portable/port.o
 *(.data*)
                0x0000000020000014                . = ALIGN (0x4)
                0x0000000020000014                _edata = .

.igot.plt       0x0000000020000014        0x0 load address 0x00000000080025c4
 .igot.plt      0x0000000020000014        0x0 /home/cameron/st/stm32cubeide_1.4.0/plugins/com.st.stm32cube.ide.mcu.externaltools.gnu-tools-for-stm32.7-2018-q2-update.linux64_1.4.0.202007081208/tools/bin/../lib/gcc/arm-none-eabi/7.3.1/thumb/v7e-m/fpv5/hard/crtbegin.o
                0x0000000020000014                . = ALIGN (0x4)

.bss            0x0000000020000014      0x9c0 load address 0x00000000080025c4
                0x0000000020000014                _sbss = .
                0x0000000020000014                __bss_start__ = _sbss
 *(.bss)
 .bss           0x0000000020000014       0x1c /home/cameron/st/stm32cubeide_1.4.0/plugins/com.st.stm32cube.ide.mcu.externaltools.gnu-tools-for-stm32.7-2018-q2-update.linux64_1.4.0.202007081208/tools/bin/../lib/gcc/arm-none-eabi/7.3.1/thumb/v7e-m/fpv5/hard/crtbegin.o
 .bss           0x0000000020000030       0x4c Application/User/stm32h7xx_hal_timebase_tim.o
 .bss           0x000000002000007c      0x12c Middlewares/FreeRTOS/tasks.o
                0x00000000200000b0                pxCurrentTCB
 .bss           0x00000000200001a8      0x818 Middlewares/FreeRTOS/portable/heap_4.o
 .bss           0x00000000200009c0        0x8 Middlewares/FreeRTOS/portable/port.o
 *(.bss*)
 *(COMMON)
 COMMON         0x00000000200009c8        0x8 Application/User/main.o
                0x00000000200009c8                LEDThread1Handle
                0x00000000200009cc                LEDThread2Handle
 COMMON         0x00000000200009d0        0x4 Drivers/STM32H7xx_HAL_Driver/stm32h7xx_hal.o
                0x00000000200009d0                uwTick
                0x00000000200009d4                . = ALIGN (0x4)
                0x00000000200009d4                _ebss = .
                0x00000000200009d4                __bss_end__ = _ebss

._user_heap_stack
                0x00000000200009d4      0x604 load address 0x00000000080025c4
                0x00000000200009d8                . = ALIGN (0x8)
 *fill*         0x00000000200009d4        0x4 
                [!provide]                        PROVIDE (end = .)
                [!provide]                        PROVIDE (_end = .)
                0x0000000020000bd8                . = (. + _Min_Heap_Size)
 *fill*         0x00000000200009d8      0x200 
                0x0000000020000fd8                . = (. + _Min_Stack_Size)
 *fill*         0x0000000020000bd8      0x400 
                0x0000000020000fd8                . = ALIGN (0x8)

/DISCARD/
 libc.a(*)
 libm.a(*)
 libgcc.a(*)

.ARM.attributes
                0x0000000000000000       0x2e
 *(.ARM.attributes)
 .ARM.attributes
                0x0000000000000000       0x20 /home/cameron/st/stm32cubeide_1.4.0/plugins/com.st.stm32cube.ide.mcu.externaltools.gnu-tools-for-stm32.7-2018-q2-update.linux64_1.4.0.202007081208/tools/bin/../lib/gcc/arm-none-eabi/7.3.1/thumb/v7e-m/fpv5/hard/crti.o
 .ARM.attributes
                0x0000000000000020       0x32 /home/cameron/st/stm32cubeide_1.4.0/plugins/com.st.stm32cube.ide.mcu.externaltools.gnu-tools-for-stm32.7-2018-q2-update.linux64_1.4.0.202007081208/tools/bin/../lib/gcc/arm-none-eabi/7.3.1/thumb/v7e-m/fpv5/hard/crtbegin.o
 .ARM.attributes
                0x0000000000000052       0x21 Application/SW4STM32/startup_stm32h743xx.o
 .ARM.attributes
                0x0000000000000073       0x37 Application/User/main.o
 .ARM.attributes
                0x00000000000000aa       0x37 Application/User/stm32h7xx_hal_timebase_tim.o
 .ARM.attributes
                0x00000000000000e1       0x37 Application/User/stm32h7xx_it.o
 .ARM.attributes
                0x0000000000000118       0x37 Drivers/BSP/STM32H7xx_Nucleo/stm32h7xx_nucleo.o
 .ARM.attributes
                0x000000000000014f       0x37 Drivers/CMSIS/system_stm32h7xx.o
 .ARM.attributes
                0x0000000000000186       0x37 Drivers/STM32H7xx_HAL_Driver/stm32h7xx_hal.o
 .ARM.attributes
                0x00000000000001bd       0x37 Drivers/STM32H7xx_HAL_Driver/stm32h7xx_hal_cortex.o
 .ARM.attributes
                0x00000000000001f4       0x37 Drivers/STM32H7xx_HAL_Driver/stm32h7xx_hal_gpio.o
 .ARM.attributes
                0x000000000000022b       0x37 Drivers/STM32H7xx_HAL_Driver/stm32h7xx_hal_pwr_ex.o
 .ARM.attributes
                0x0000000000000262       0x37 Drivers/STM32H7xx_HAL_Driver/stm32h7xx_hal_rcc.o
 .ARM.attributes
                0x0000000000000299       0x37 Drivers/STM32H7xx_HAL_Driver/stm32h7xx_hal_tim.o
 .ARM.attributes
                0x00000000000002d0       0x37 Drivers/STM32H7xx_HAL_Driver/stm32h7xx_hal_tim_ex.o
 .ARM.attributes
                0x0000000000000307       0x37 Middlewares/FreeRTOS/CMSIS-RTOS/cmsis_os.o
 .ARM.attributes
                0x000000000000033e       0x37 Middlewares/FreeRTOS/list.o
 .ARM.attributes
                0x0000000000000375       0x37 Middlewares/FreeRTOS/tasks.o
 .ARM.attributes
                0x00000000000003ac       0x37 Middlewares/FreeRTOS/portable/heap_4.o
 .ARM.attributes
                0x00000000000003e3       0x37 Middlewares/FreeRTOS/portable/port.o
 .ARM.attributes
                0x000000000000041a       0x32 /home/cameron/st/stm32cubeide_1.4.0/plugins/com.st.stm32cube.ide.mcu.externaltools.gnu-tools-for-stm32.7-2018-q2-update.linux64_1.4.0.202007081208/tools/bin/../lib/gcc/arm-none-eabi/7.3.1/../../../../arm-none-eabi/lib/thumb/v7e-m/fpv5/hard/libc_nano.a(lib_a-init.o)
 .ARM.attributes
                0x000000000000044c       0x32 /home/cameron/st/stm32cubeide_1.4.0/plugins/com.st.stm32cube.ide.mcu.externaltools.gnu-tools-for-stm32.7-2018-q2-update.linux64_1.4.0.202007081208/tools/bin/../lib/gcc/arm-none-eabi/7.3.1/../../../../arm-none-eabi/lib/thumb/v7e-m/fpv5/hard/libc_nano.a(lib_a-memset.o)
 .ARM.attributes
                0x000000000000047e       0x20 /home/cameron/st/stm32cubeide_1.4.0/plugins/com.st.stm32cube.ide.mcu.externaltools.gnu-tools-for-stm32.7-2018-q2-update.linux64_1.4.0.202007081208/tools/bin/../lib/gcc/arm-none-eabi/7.3.1/thumb/v7e-m/fpv5/hard/crtn.o
OUTPUT(FreeRTOS_ThreadCreation.elf elf32-littlearm)

.debug_line     0x0000000000000000     0xda2b
 .debug_line    0x0000000000000000       0xbf Application/SW4STM32/startup_stm32h743xx.o
 .debug_line    0x00000000000000bf      0xb88 Application/User/main.o
 .debug_line    0x0000000000000c47      0x921 Application/User/stm32h7xx_hal_timebase_tim.o
 .debug_line    0x0000000000001568      0xb0d Application/User/stm32h7xx_it.o
 .debug_line    0x0000000000002075      0xaee Drivers/BSP/STM32H7xx_Nucleo/stm32h7xx_nucleo.o
 .debug_line    0x0000000000002b63      0x909 Drivers/CMSIS/system_stm32h7xx.o
 .debug_line    0x000000000000346c      0xcb4 Drivers/STM32H7xx_HAL_Driver/stm32h7xx_hal.o
 .debug_line    0x0000000000004120      0xb58 Drivers/STM32H7xx_HAL_Driver/stm32h7xx_hal_cortex.o
 .debug_line    0x0000000000004c78      0xaae Drivers/STM32H7xx_HAL_Driver/stm32h7xx_hal_gpio.o
 .debug_line    0x0000000000005726      0xc40 Drivers/STM32H7xx_HAL_Driver/stm32h7xx_hal_pwr_ex.o
 .debug_line    0x0000000000006366      0xd2f Drivers/STM32H7xx_HAL_Driver/stm32h7xx_hal_rcc.o
 .debug_line    0x0000000000007095     0x22fb Drivers/STM32H7xx_HAL_Driver/stm32h7xx_hal_tim.o
 .debug_line    0x0000000000009390     0x12f9 Drivers/STM32H7xx_HAL_Driver/stm32h7xx_hal_tim_ex.o
 .debug_line    0x000000000000a689      0xd11 Middlewares/FreeRTOS/CMSIS-RTOS/cmsis_os.o
 .debug_line    0x000000000000b39a      0x6c2 Middlewares/FreeRTOS/list.o
 .debug_line    0x000000000000ba5c     0x1168 Middlewares/FreeRTOS/tasks.o
 .debug_line    0x000000000000cbc4      0x781 Middlewares/FreeRTOS/portable/heap_4.o
 .debug_line    0x000000000000d345      0x6e6 Middlewares/FreeRTOS/portable/port.o

.debug_info     0x0000000000000000    0x1e6c7
 .debug_info    0x0000000000000000       0x22 Application/SW4STM32/startup_stm32h743xx.o
 .debug_info    0x0000000000000022     0x1eb9 Application/User/main.o
 .debug_info    0x0000000000001edb     0x1ada Application/User/stm32h7xx_hal_timebase_tim.o
 .debug_info    0x00000000000039b5     0x11a5 Application/User/stm32h7xx_it.o
 .debug_info    0x0000000000004b5a     0x246a Drivers/BSP/STM32H7xx_Nucleo/stm32h7xx_nucleo.o
 .debug_info    0x0000000000006fc4     0x139e Drivers/CMSIS/system_stm32h7xx.o
 .debug_info    0x0000000000008362     0x1f43 Drivers/STM32H7xx_HAL_Driver/stm32h7xx_hal.o
 .debug_info    0x000000000000a2a5     0x1c0c Drivers/STM32H7xx_HAL_Driver/stm32h7xx_hal_cortex.o
 .debug_info    0x000000000000beb1     0x1678 Drivers/STM32H7xx_HAL_Driver/stm32h7xx_hal_gpio.o
 .debug_info    0x000000000000d529     0x1a14 Drivers/STM32H7xx_HAL_Driver/stm32h7xx_hal_pwr_ex.o
 .debug_info    0x000000000000ef3d     0x1ac9 Drivers/STM32H7xx_HAL_Driver/stm32h7xx_hal_rcc.o
 .debug_info    0x0000000000010a06     0x44ae Drivers/STM32H7xx_HAL_Driver/stm32h7xx_hal_tim.o
 .debug_info    0x0000000000014eb4     0x2278 Drivers/STM32H7xx_HAL_Driver/stm32h7xx_hal_tim_ex.o
 .debug_info    0x000000000001712c     0x26ad Middlewares/FreeRTOS/CMSIS-RTOS/cmsis_os.o
 .debug_info    0x00000000000197d9      0xac8 Middlewares/FreeRTOS/list.o
 .debug_info    0x000000000001a2a1     0x3219 Middlewares/FreeRTOS/tasks.o
 .debug_info    0x000000000001d4ba      0xca2 Middlewares/FreeRTOS/portable/heap_4.o
 .debug_info    0x000000000001e15c      0x56b Middlewares/FreeRTOS/portable/port.o

.debug_abbrev   0x0000000000000000     0x3647
 .debug_abbrev  0x0000000000000000       0x12 Application/SW4STM32/startup_stm32h743xx.o
 .debug_abbrev  0x0000000000000012      0x350 Application/User/main.o
 .debug_abbrev  0x0000000000000362      0x2aa Application/User/stm32h7xx_hal_timebase_tim.o
 .debug_abbrev  0x000000000000060c      0x22c Application/User/stm32h7xx_it.o
 .debug_abbrev  0x0000000000000838      0x435 Drivers/BSP/STM32H7xx_Nucleo/stm32h7xx_nucleo.o
 .debug_abbrev  0x0000000000000c6d      0x21f Drivers/CMSIS/system_stm32h7xx.o
 .debug_abbrev  0x0000000000000e8c      0x367 Drivers/STM32H7xx_HAL_Driver/stm32h7xx_hal.o
 .debug_abbrev  0x00000000000011f3      0x3e1 Drivers/STM32H7xx_HAL_Driver/stm32h7xx_hal_cortex.o
 .debug_abbrev  0x00000000000015d4      0x2d8 Drivers/STM32H7xx_HAL_Driver/stm32h7xx_hal_gpio.o
 .debug_abbrev  0x00000000000018ac      0x354 Drivers/STM32H7xx_HAL_Driver/stm32h7xx_hal_pwr_ex.o
 .debug_abbrev  0x0000000000001c00      0x335 Drivers/STM32H7xx_HAL_Driver/stm32h7xx_hal_rcc.o
 .debug_abbrev  0x0000000000001f35      0x3b6 Drivers/STM32H7xx_HAL_Driver/stm32h7xx_hal_tim.o
 .debug_abbrev  0x00000000000022eb      0x33f Drivers/STM32H7xx_HAL_Driver/stm32h7xx_hal_tim_ex.o
 .debug_abbrev  0x000000000000262a      0x475 Middlewares/FreeRTOS/CMSIS-RTOS/cmsis_os.o
 .debug_abbrev  0x0000000000002a9f      0x1ed Middlewares/FreeRTOS/list.o
 .debug_abbrev  0x0000000000002c8c      0x469 Middlewares/FreeRTOS/tasks.o
 .debug_abbrev  0x00000000000030f5      0x317 Middlewares/FreeRTOS/portable/heap_4.o
 .debug_abbrev  0x000000000000340c      0x23b Middlewares/FreeRTOS/portable/port.o

.debug_aranges  0x0000000000000000      0xe48
 .debug_aranges
                0x0000000000000000       0x28 Application/SW4STM32/startup_stm32h743xx.o
 .debug_aranges
                0x0000000000000028       0x30 Application/User/main.o
 .debug_aranges
                0x0000000000000058       0x40 Application/User/stm32h7xx_hal_timebase_tim.o
 .debug_aranges
                0x0000000000000098       0x48 Application/User/stm32h7xx_it.o
 .debug_aranges
                0x00000000000000e0       0x98 Drivers/BSP/STM32H7xx_Nucleo/stm32h7xx_nucleo.o
 .debug_aranges
                0x0000000000000178       0x28 Drivers/CMSIS/system_stm32h7xx.o
 .debug_aranges
                0x00000000000001a0      0x1b0 Drivers/STM32H7xx_HAL_Driver/stm32h7xx_hal.o
 .debug_aranges
                0x0000000000000350       0xb0 Drivers/STM32H7xx_HAL_Driver/stm32h7xx_hal_cortex.o
 .debug_aranges
                0x0000000000000400       0x58 Drivers/STM32H7xx_HAL_Driver/stm32h7xx_hal_gpio.o
 .debug_aranges
                0x0000000000000458      0x128 Drivers/STM32H7xx_HAL_Driver/stm32h7xx_hal_pwr_ex.o
 .debug_aranges
                0x0000000000000580       0x88 Drivers/STM32H7xx_HAL_Driver/stm32h7xx_hal_rcc.o
 .debug_aranges
                0x0000000000000608      0x2a8 Drivers/STM32H7xx_HAL_Driver/stm32h7xx_hal_tim.o
 .debug_aranges
                0x00000000000008b0      0x130 Drivers/STM32H7xx_HAL_Driver/stm32h7xx_hal_tim_ex.o
 .debug_aranges
                0x00000000000009e0      0x1b0 Middlewares/FreeRTOS/CMSIS-RTOS/cmsis_os.o
 .debug_aranges
                0x0000000000000b90       0x40 Middlewares/FreeRTOS/list.o
 .debug_aranges
                0x0000000000000bd0      0x1b0 Middlewares/FreeRTOS/tasks.o
 .debug_aranges
                0x0000000000000d80       0x48 Middlewares/FreeRTOS/portable/heap_4.o
 .debug_aranges
                0x0000000000000dc8       0x80 Middlewares/FreeRTOS/portable/port.o

.debug_str      0x0000000000000000   0x176dbe
 .debug_str     0x0000000000000000       0xd5 Application/SW4STM32/startup_stm32h743xx.o
 .debug_str     0x00000000000000d5   0x170006 Application/User/main.o
                                     0x17080d (size before relaxing)
 .debug_str     0x00000000001700db      0xdd5 Application/User/stm32h7xx_hal_timebase_tim.o
                                     0x16ac82 (size before relaxing)
 .debug_str     0x0000000000170eb0       0xee Application/User/stm32h7xx_it.o
                                     0x170216 (size before relaxing)
 .debug_str     0x0000000000170f9e      0x4f1 Drivers/BSP/STM32H7xx_Nucleo/stm32h7xx_nucleo.o
                                     0x16b7ac (size before relaxing)
 .debug_str     0x000000000017148f      0x12c Drivers/CMSIS/system_stm32h7xx.o
                                     0x169e37 (size before relaxing)
 .debug_str     0x00000000001715bb      0x81b Drivers/STM32H7xx_HAL_Driver/stm32h7xx_hal.o
                                     0x16ae64 (size before relaxing)
 .debug_str     0x0000000000171dd6      0x356 Drivers/STM32H7xx_HAL_Driver/stm32h7xx_hal_cortex.o
                                     0x16a892 (size before relaxing)
 .debug_str     0x000000000017212c      0x1f0 Drivers/STM32H7xx_HAL_Driver/stm32h7xx_hal_gpio.o
                                     0x16a016 (size before relaxing)
 .debug_str     0x000000000017231c      0x675 Drivers/STM32H7xx_HAL_Driver/stm32h7xx_hal_pwr_ex.o
                                     0x16a3fe (size before relaxing)
 .debug_str     0x0000000000172991      0x368 Drivers/STM32H7xx_HAL_Driver/stm32h7xx_hal_rcc.o
                                     0x16a2d9 (size before relaxing)
 .debug_str     0x0000000000172cf9      0xeba Drivers/STM32H7xx_HAL_Driver/stm32h7xx_hal_tim.o
                                     0x16b047 (size before relaxing)
 .debug_str     0x0000000000173bb3      0x69b Drivers/STM32H7xx_HAL_Driver/stm32h7xx_hal_tim_ex.o
                                     0x16a98d (size before relaxing)
 .debug_str     0x000000000017424e      0xbe0 Middlewares/FreeRTOS/CMSIS-RTOS/cmsis_os.o
                                       0xde69 (size before relaxing)
 .debug_str     0x0000000000174e2e      0x268 Middlewares/FreeRTOS/list.o
                                       0xa883 (size before relaxing)
 .debug_str     0x0000000000175096     0x12e2 Middlewares/FreeRTOS/tasks.o
                                       0xccd8 (size before relaxing)
 .debug_str     0x0000000000176378      0x283 Middlewares/FreeRTOS/portable/heap_4.o
                                       0xb095 (size before relaxing)
 .debug_str     0x00000000001765fb      0x7c3 Middlewares/FreeRTOS/portable/port.o
                                       0x8676 (size before relaxing)

.debug_ranges   0x0000000000000000     0x11a8
 .debug_ranges  0x0000000000000000       0x20 Application/SW4STM32/startup_stm32h743xx.o
 .debug_ranges  0x0000000000000020       0x20 Application/User/main.o
 .debug_ranges  0x0000000000000040       0x30 Application/User/stm32h7xx_hal_timebase_tim.o
 .debug_ranges  0x0000000000000070       0x38 Application/User/stm32h7xx_it.o
 .debug_ranges  0x00000000000000a8      0x130 Drivers/BSP/STM32H7xx_Nucleo/stm32h7xx_nucleo.o
 .debug_ranges  0x00000000000001d8       0x18 Drivers/CMSIS/system_stm32h7xx.o
 .debug_ranges  0x00000000000001f0      0x1a0 Drivers/STM32H7xx_HAL_Driver/stm32h7xx_hal.o
 .debug_ranges  0x0000000000000390      0x158 Drivers/STM32H7xx_HAL_Driver/stm32h7xx_hal_cortex.o
 .debug_ranges  0x00000000000004e8       0x70 Drivers/STM32H7xx_HAL_Driver/stm32h7xx_hal_gpio.o
 .debug_ranges  0x0000000000000558      0x118 Drivers/STM32H7xx_HAL_Driver/stm32h7xx_hal_pwr_ex.o
 .debug_ranges  0x0000000000000670       0xe8 Drivers/STM32H7xx_HAL_Driver/stm32h7xx_hal_rcc.o
 .debug_ranges  0x0000000000000758      0x378 Drivers/STM32H7xx_HAL_Driver/stm32h7xx_hal_tim.o
 .debug_ranges  0x0000000000000ad0      0x120 Drivers/STM32H7xx_HAL_Driver/stm32h7xx_hal_tim_ex.o
 .debug_ranges  0x0000000000000bf0      0x1d0 Middlewares/FreeRTOS/CMSIS-RTOS/cmsis_os.o
 .debug_ranges  0x0000000000000dc0       0x30 Middlewares/FreeRTOS/list.o
 .debug_ranges  0x0000000000000df0      0x2f8 Middlewares/FreeRTOS/tasks.o
 .debug_ranges  0x00000000000010e8       0x38 Middlewares/FreeRTOS/portable/heap_4.o
 .debug_ranges  0x0000000000001120       0x88 Middlewares/FreeRTOS/portable/port.o

.debug_loc      0x0000000000000000     0x99c8
 .debug_loc     0x0000000000000000       0xcc Application/User/main.o
 .debug_loc     0x00000000000000cc       0xeb Application/User/stm32h7xx_hal_timebase_tim.o
 .debug_loc     0x00000000000001b7      0x455 Drivers/BSP/STM32H7xx_Nucleo/stm32h7xx_nucleo.o
 .debug_loc     0x000000000000060c      0x168 Drivers/CMSIS/system_stm32h7xx.o
 .debug_loc     0x0000000000000774      0x3e7 Drivers/STM32H7xx_HAL_Driver/stm32h7xx_hal.o
 .debug_loc     0x0000000000000b5b      0x546 Drivers/STM32H7xx_HAL_Driver/stm32h7xx_hal_cortex.o
 .debug_loc     0x00000000000010a1      0x2b6 Drivers/STM32H7xx_HAL_Driver/stm32h7xx_hal_gpio.o
 .debug_loc     0x0000000000001357      0x349 Drivers/STM32H7xx_HAL_Driver/stm32h7xx_hal_pwr_ex.o
 .debug_loc     0x00000000000016a0      0x624 Drivers/STM32H7xx_HAL_Driver/stm32h7xx_hal_rcc.o
 .debug_loc     0x0000000000001cc4     0x3c8b Drivers/STM32H7xx_HAL_Driver/stm32h7xx_hal_tim.o
 .debug_loc     0x000000000000594f     0x1335 Drivers/STM32H7xx_HAL_Driver/stm32h7xx_hal_tim_ex.o
 .debug_loc     0x0000000000006c84     0x104b Middlewares/FreeRTOS/CMSIS-RTOS/cmsis_os.o
 .debug_loc     0x0000000000007ccf       0x94 Middlewares/FreeRTOS/list.o
 .debug_loc     0x0000000000007d63     0x1831 Middlewares/FreeRTOS/tasks.o
 .debug_loc     0x0000000000009594      0x397 Middlewares/FreeRTOS/portable/heap_4.o
 .debug_loc     0x000000000000992b       0x9d Middlewares/FreeRTOS/portable/port.o

.debug_macro    0x0000000000000000    0x38e2b
 .debug_macro   0x0000000000000000      0x389 Application/User/main.o
 .debug_macro   0x0000000000000389      0xa6c Application/User/main.o
 .debug_macro   0x0000000000000df5       0xd9 Application/User/main.o
 .debug_macro   0x0000000000000ece       0x2e Application/User/main.o
 .debug_macro   0x0000000000000efc       0x3b Application/User/main.o
 .debug_macro   0x0000000000000f37       0x22 Application/User/main.o
 .debug_macro   0x0000000000000f59       0x8e Application/User/main.o
 .debug_macro   0x0000000000000fe7       0x51 Application/User/main.o
 .debug_macro   0x0000000000001038       0xef Application/User/main.o
 .debug_macro   0x0000000000001127       0x6a Application/User/main.o
 .debug_macro   0x0000000000001191      0x1df Application/User/main.o
 .debug_macro   0x0000000000001370       0x1c Application/User/main.o
 .debug_macro   0x000000000000138c       0x22 Application/User/main.o
 .debug_macro   0x00000000000013ae       0xdf Application/User/main.o
 .debug_macro   0x000000000000148d     0x12cd Application/User/main.o
 .debug_macro   0x000000000000275a      0x11f Application/User/main.o
 .debug_macro   0x0000000000002879       0x19 Application/User/main.o
 .debug_macro   0x0000000000002892    0x2538b Application/User/main.o
 .debug_macro   0x0000000000027c1d       0x43 Application/User/main.o
 .debug_macro   0x0000000000027c60     0x3cd3 Application/User/main.o
 .debug_macro   0x000000000002b933      0x174 Application/User/main.o
 .debug_macro   0x000000000002baa7       0x46 Application/User/main.o
 .debug_macro   0x000000000002baed       0x17 Application/User/main.o
 .debug_macro   0x000000000002bb04       0x3c Application/User/main.o
 .debug_macro   0x000000000002bb40       0x34 Application/User/main.o
 .debug_macro   0x000000000002bb74       0x52 Application/User/main.o
 .debug_macro   0x000000000002bbc6       0x1f Application/User/main.o
 .debug_macro   0x000000000002bbe5       0x43 Application/User/main.o
 .debug_macro   0x000000000002bc28       0x20 Application/User/main.o
 .debug_macro   0x000000000002bc48      0x1a3 Application/User/main.o
 .debug_macro   0x000000000002bdeb      0x32a Application/User/main.o
 .debug_macro   0x000000000002c115      0x1e1 Application/User/main.o
 .debug_macro   0x000000000002c2f6       0x54 Application/User/main.o
 .debug_macro   0x000000000002c34a     0x2382 Application/User/main.o
 .debug_macro   0x000000000002e6cc     0x1009 Application/User/main.o
 .debug_macro   0x000000000002f6d5      0x138 Application/User/main.o
 .debug_macro   0x000000000002f80d      0x117 Application/User/main.o
 .debug_macro   0x000000000002f924      0x3b2 Application/User/main.o
 .debug_macro   0x000000000002fcd6       0x27 Application/User/main.o
 .debug_macro   0x000000000002fcfd      0x72d Application/User/main.o
 .debug_macro   0x000000000003042a      0x229 Application/User/main.o
 .debug_macro   0x0000000000030653       0x66 Application/User/main.o
 .debug_macro   0x00000000000306b9      0x3e5 Application/User/main.o
 .debug_macro   0x0000000000030a9e      0x275 Application/User/main.o
 .debug_macro   0x0000000000030d13     0x1036 Application/User/main.o
 .debug_macro   0x0000000000031d49      0x6c5 Application/User/main.o
 .debug_macro   0x000000000003240e      0x36e Application/User/main.o
 .debug_macro   0x000000000003277c      0x3cb Application/User/main.o
 .debug_macro   0x0000000000032b47      0x41d Application/User/main.o
 .debug_macro   0x0000000000032f64       0x51 Application/User/main.o
 .debug_macro   0x0000000000032fb5      0x22c Application/User/main.o
 .debug_macro   0x00000000000331e1       0x64 Application/User/main.o
 .debug_macro   0x0000000000033245       0xa5 Application/User/main.o
 .debug_macro   0x00000000000332ea      0x1c5 Application/User/main.o
 .debug_macro   0x00000000000334af      0x25f Application/User/main.o
 .debug_macro   0x000000000003370e       0x35 Application/User/main.o
 .debug_macro   0x0000000000033743      0xad7 Application/User/main.o
 .debug_macro   0x000000000003421a      0x2a0 Application/User/main.o
 .debug_macro   0x00000000000344ba      0x662 Application/User/main.o
 .debug_macro   0x0000000000034b1c       0xa6 Application/User/main.o
 .debug_macro   0x0000000000034bc2      0x5a0 Application/User/main.o
 .debug_macro   0x0000000000035162       0x2e Application/User/main.o
 .debug_macro   0x0000000000035190       0x52 Application/User/main.o
 .debug_macro   0x00000000000351e2      0x137 Application/User/main.o
 .debug_macro   0x0000000000035319      0x112 Application/User/main.o
 .debug_macro   0x000000000003542b      0x15a Application/User/main.o
 .debug_macro   0x0000000000035585       0xe4 Application/User/main.o
 .debug_macro   0x0000000000035669       0x1c Application/User/main.o
 .debug_macro   0x0000000000035685       0x26 Application/User/main.o
 .debug_macro   0x00000000000356ab      0x4be Application/User/main.o
 .debug_macro   0x0000000000035b69       0xb5 Application/User/main.o
 .debug_macro   0x0000000000035c1e       0xaa Application/User/main.o
 .debug_macro   0x0000000000035cc8       0x91 Application/User/main.o
 .debug_macro   0x0000000000035d59       0x86 Application/User/main.o
 .debug_macro   0x0000000000035ddf       0x7e Application/User/main.o
 .debug_macro   0x0000000000035e5d       0xcf Application/User/main.o
 .debug_macro   0x0000000000035f2c      0x2a9 Application/User/stm32h7xx_hal_timebase_tim.o
 .debug_macro   0x00000000000361d5      0x393 Application/User/stm32h7xx_it.o
 .debug_macro   0x0000000000036568      0x2d0 Drivers/BSP/STM32H7xx_Nucleo/stm32h7xx_nucleo.o
 .debug_macro   0x0000000000036838       0x28 Drivers/BSP/STM32H7xx_Nucleo/stm32h7xx_nucleo.o
 .debug_macro   0x0000000000036860      0x2af Drivers/CMSIS/system_stm32h7xx.o
 .debug_macro   0x0000000000036b0f      0x2d3 Drivers/STM32H7xx_HAL_Driver/stm32h7xx_hal.o
 .debug_macro   0x0000000000036de2      0x2a9 Drivers/STM32H7xx_HAL_Driver/stm32h7xx_hal_cortex.o
 .debug_macro   0x000000000003708b      0x2e5 Drivers/STM32H7xx_HAL_Driver/stm32h7xx_hal_gpio.o
 .debug_macro   0x0000000000037370      0x2e2 Drivers/STM32H7xx_HAL_Driver/stm32h7xx_hal_pwr_ex.o
 .debug_macro   0x0000000000037652      0x2cd Drivers/STM32H7xx_HAL_Driver/stm32h7xx_hal_rcc.o
 .debug_macro   0x000000000003791f      0x2aa Drivers/STM32H7xx_HAL_Driver/stm32h7xx_hal_tim.o
 .debug_macro   0x0000000000037bc9      0x2a9 Drivers/STM32H7xx_HAL_Driver/stm32h7xx_hal_tim_ex.o
 .debug_macro   0x0000000000037e72      0x1f3 Middlewares/FreeRTOS/CMSIS-RTOS/cmsis_os.o
 .debug_macro   0x0000000000038065       0x40 Middlewares/FreeRTOS/CMSIS-RTOS/cmsis_os.o
 .debug_macro   0x00000000000380a5       0x94 Middlewares/FreeRTOS/CMSIS-RTOS/cmsis_os.o
 .debug_macro   0x0000000000038139       0x57 Middlewares/FreeRTOS/CMSIS-RTOS/cmsis_os.o
 .debug_macro   0x0000000000038190      0x330 Middlewares/FreeRTOS/CMSIS-RTOS/cmsis_os.o
 .debug_macro   0x00000000000384c0       0x10 Middlewares/FreeRTOS/CMSIS-RTOS/cmsis_os.o
 .debug_macro   0x00000000000384d0       0x35 Middlewares/FreeRTOS/CMSIS-RTOS/cmsis_os.o
 .debug_macro   0x0000000000038505       0x20 Middlewares/FreeRTOS/CMSIS-RTOS/cmsis_os.o
 .debug_macro   0x0000000000038525      0x112 Middlewares/FreeRTOS/CMSIS-RTOS/cmsis_os.o
 .debug_macro   0x0000000000038637       0xc7 Middlewares/FreeRTOS/CMSIS-RTOS/cmsis_os.o
 .debug_macro   0x00000000000386fe      0x17a Middlewares/FreeRTOS/list.o
 .debug_macro   0x0000000000038878      0x26c Middlewares/FreeRTOS/tasks.o
 .debug_macro   0x0000000000038ae4       0x10 Middlewares/FreeRTOS/tasks.o
 .debug_macro   0x0000000000038af4      0x1a1 Middlewares/FreeRTOS/portable/heap_4.o
 .debug_macro   0x0000000000038c95      0x196 Middlewares/FreeRTOS/portable/port.o

.comment        0x0000000000000000       0x7b
 .comment       0x0000000000000000       0x7b Application/User/main.o
                                         0x7c (size before relaxing)
 .comment       0x000000000000007b       0x7c Application/User/stm32h7xx_hal_timebase_tim.o
 .comment       0x000000000000007b       0x7c Application/User/stm32h7xx_it.o
 .comment       0x000000000000007b       0x7c Drivers/BSP/STM32H7xx_Nucleo/stm32h7xx_nucleo.o
 .comment       0x000000000000007b       0x7c Drivers/CMSIS/system_stm32h7xx.o
 .comment       0x000000000000007b       0x7c Drivers/STM32H7xx_HAL_Driver/stm32h7xx_hal.o
 .comment       0x000000000000007b       0x7c Drivers/STM32H7xx_HAL_Driver/stm32h7xx_hal_cortex.o
 .comment       0x000000000000007b       0x7c Drivers/STM32H7xx_HAL_Driver/stm32h7xx_hal_gpio.o
 .comment       0x000000000000007b       0x7c Drivers/STM32H7xx_HAL_Driver/stm32h7xx_hal_pwr_ex.o
 .comment       0x000000000000007b       0x7c Drivers/STM32H7xx_HAL_Driver/stm32h7xx_hal_rcc.o
 .comment       0x000000000000007b       0x7c Drivers/STM32H7xx_HAL_Driver/stm32h7xx_hal_tim.o
 .comment       0x000000000000007b       0x7c Drivers/STM32H7xx_HAL_Driver/stm32h7xx_hal_tim_ex.o
 .comment       0x000000000000007b       0x7c Middlewares/FreeRTOS/CMSIS-RTOS/cmsis_os.o
 .comment       0x000000000000007b       0x7c Middlewares/FreeRTOS/list.o
 .comment       0x000000000000007b       0x7c Middlewares/FreeRTOS/tasks.o
 .comment       0x000000000000007b       0x7c Middlewares/FreeRTOS/portable/heap_4.o
 .comment       0x000000000000007b       0x7c Middlewares/FreeRTOS/portable/port.o

.debug_frame    0x0000000000000000     0x28d0
 .debug_frame   0x0000000000000000       0x64 Application/User/main.o
 .debug_frame   0x0000000000000064       0x70 Application/User/stm32h7xx_hal_timebase_tim.o
 .debug_frame   0x00000000000000d4       0x80 Application/User/stm32h7xx_it.o
 .debug_frame   0x0000000000000154      0x19c Drivers/BSP/STM32H7xx_Nucleo/stm32h7xx_nucleo.o
 .debug_frame   0x00000000000002f0       0x44 Drivers/CMSIS/system_stm32h7xx.o
 .debug_frame   0x0000000000000334      0x3b0 Drivers/STM32H7xx_HAL_Driver/stm32h7xx_hal.o
 .debug_frame   0x00000000000006e4      0x168 Drivers/STM32H7xx_HAL_Driver/stm32h7xx_hal_cortex.o
 .debug_frame   0x000000000000084c       0xd8 Drivers/STM32H7xx_HAL_Driver/stm32h7xx_hal_gpio.o
 .debug_frame   0x0000000000000924      0x304 Drivers/STM32H7xx_HAL_Driver/stm32h7xx_hal_pwr_ex.o
 .debug_frame   0x0000000000000c28      0x170 Drivers/STM32H7xx_HAL_Driver/stm32h7xx_hal_rcc.o
 .debug_frame   0x0000000000000d98      0xa08 Drivers/STM32H7xx_HAL_Driver/stm32h7xx_hal_tim.o
 .debug_frame   0x00000000000017a0      0x420 Drivers/STM32H7xx_HAL_Driver/stm32h7xx_hal_tim_ex.o
 .debug_frame   0x0000000000001bc0      0x520 Middlewares/FreeRTOS/CMSIS-RTOS/cmsis_os.o
 .debug_frame   0x00000000000020e0       0x6c Middlewares/FreeRTOS/list.o
 .debug_frame   0x000000000000214c      0x598 Middlewares/FreeRTOS/tasks.o
 .debug_frame   0x00000000000026e4       0xa4 Middlewares/FreeRTOS/portable/heap_4.o
 .debug_frame   0x0000000000002788       0xfc Middlewares/FreeRTOS/portable/port.o
 .debug_frame   0x0000000000002884       0x2c /home/cameron/st/stm32cubeide_1.4.0/plugins/com.st.stm32cube.ide.mcu.externaltools.gnu-tools-for-stm32.7-2018-q2-update.linux64_1.4.0.202007081208/tools/bin/../lib/gcc/arm-none-eabi/7.3.1/../../../../arm-none-eabi/lib/thumb/v7e-m/fpv5/hard/libc_nano.a(lib_a-init.o)
 .debug_frame   0x00000000000028b0       0x20 /home/cameron/st/stm32cubeide_1.4.0/plugins/com.st.stm32cube.ide.mcu.externaltools.gnu-tools-for-stm32.7-2018-q2-update.linux64_1.4.0.202007081208/tools/bin/../lib/gcc/arm-none-eabi/7.3.1/../../../../arm-none-eabi/lib/thumb/v7e-m/fpv5/hard/libc_nano.a(lib_a-memset.o)
